Creating a "laravel/laravel" project at "./backend"
Installing laravel/laravel (v13.10.1)
  - Downloading laravel/laravel (v13.10.1)
  - Installing laravel/laravel (v13.10.1): Extracting archive
Created project in E:\TechPio-Data\FoodOnTheGo\backend
> @php -r "file_exists('.env') || copy('.env.example', '.env');"
Loading composer repositories with package information
Updating dependencies
Lock file operations: 110 installs, 0 updates, 0 removals
  - Locking brick/math (1.0.0)
  - Locking carbonphp/carbon-doctrine-types (3.2.1)
  - Locking dflydev/dot-access-data (v3.0.3)
  - Locking doctrine/inflector (2.1.0)
  - Locking doctrine/lexer (3.0.2)
  - Locking dragonmantank/cron-expression (v3.6.0)
  - Locking egulias/email-validator (4.0.4)
  - Locking fakerphp/faker (v1.24.1)
  - Locking filp/whoops (2.18.5)
  - Locking fruitcake/php-cors (v1.4.0)
  - Locking graham-campbell/result-type (v1.2.0)
  - Locking guzzlehttp/guzzle (8.2.0)
  - Locking guzzlehttp/promises (3.0.2)
  - Locking guzzlehttp/psr7 (3.1.0)
  - Locking guzzlehttp/uri-template (v2.0.1)
  - Locking hamcrest/hamcrest-php (v3.0.0)
  - Locking laravel/agent-detector (v2.0.2)
  - Locking laravel/framework (v13.33.0)
  - Locking laravel/pail (v1.2.7)
  - Locking laravel/pao (v1.1.5)
  - Locking laravel/pint (v1.32.1)
  - Locking laravel/prompts (v0.3.24)
  - Locking laravel/serializable-closure (v2.1.0)
  - Locking laravel/tinker (v3.0.2)
  - Locking league/commonmark (2.10.3)
  - Locking league/config (v1.2.0)
  - Locking league/flysystem (3.36.0)
  - Locking league/flysystem-local (3.35.3)
  - Locking league/mime-type-detection (1.17.0)
  - Locking league/uri (7.8.1)
  - Locking league/uri-interfaces (7.8.1)
  - Locking mockery/mockery (1.6.15)
  - Locking monolog/monolog (3.12.0)
  - Locking myclabs/deep-copy (1.14.0)
  - Locking nesbot/carbon (3.14.0)
  - Locking nette/schema (v1.3.6)
  - Locking nette/utils (v4.1.5)
  - Locking nikic/php-parser (v5.9.0)
  - Locking nunomaduro/collision (v8.9.5)
  - Locking nunomaduro/termwind (v2.4.0)
  - Locking phar-io/manifest (2.0.4)
  - Locking phar-io/version (3.2.1)
  - Locking phpoption/phpoption (1.10.0)
  - Locking phpunit/php-code-coverage (12.5.7)
  - Locking phpunit/php-file-iterator (6.0.2)
  - Locking phpunit/php-invoker (6.0.0)
  - Locking phpunit/php-text-template (5.0.0)
  - Locking phpunit/php-timer (8.0.0)
  - Locking phpunit/phpunit (12.5.35)
  - Locking psr/clock (1.0.0)
  - Locking psr/container (2.0.2)
  - Locking psr/event-dispatcher (1.0.0)
  - Locking psr/http-client (1.0.3)
  - Locking psr/http-factory (1.1.0)
  - Locking psr/http-message (2.0)
  - Locking psr/log (3.0.2)
  - Locking psr/simple-cache (3.0.0)
  - Locking psy/psysh (v0.12.24)
  - Locking ramsey/collection (2.1.1)
  - Locking ramsey/uuid (4.9.4)
  - Locking sebastian/cli-parser (4.2.1)
  - Locking sebastian/comparator (7.1.8)
  - Locking sebastian/complexity (5.0.0)
  - Locking sebastian/diff (7.0.1)
  - Locking sebastian/environment (8.1.2)
  - Locking sebastian/exporter (7.0.3)
  - Locking sebastian/global-state (8.0.3)
  - Locking sebastian/lines-of-code (4.0.1)
  - Locking sebastian/object-enumerator (7.0.0)
  - Locking sebastian/object-reflector (5.0.0)
  - Locking sebastian/recursion-context (7.0.1)
  - Locking sebastian/type (6.0.4)
  - Locking sebastian/version (6.0.0)
  - Locking staabm/side-effects-detector (1.0.5)
  - Locking symfony/clock (v7.4.8)
  - Locking symfony/console (v7.4.19)
  - Locking symfony/css-selector (v7.4.18)
  - Locking symfony/deprecation-contracts (v3.7.1)
  - Locking symfony/error-handler (v7.4.17)
  - Locking symfony/event-dispatcher (v7.4.17)
  - Locking symfony/event-dispatcher-contracts (v3.7.1)
  - Locking symfony/finder (v7.4.19)
  - Locking symfony/http-foundation (v7.4.19)
  - Locking symfony/http-kernel (v7.4.19)
  - Locking symfony/mailer (v7.4.19)
  - Locking symfony/mime (v7.4.19)
  - Locking symfony/polyfill-ctype (v1.37.0)
  - Locking symfony/polyfill-intl-grapheme (v1.41.0)
  - Locking symfony/polyfill-intl-idn (v1.42.0)
  - Locking symfony/polyfill-intl-normalizer (v1.42.0)
  - Locking symfony/polyfill-mbstring (v1.38.2)
  - Locking symfony/polyfill-php80 (v1.37.0)
  - Locking symfony/polyfill-php82 (v1.38.1)
  - Locking symfony/polyfill-php83 (v1.41.0)
  - Locking symfony/polyfill-php84 (v1.38.1)
  - Locking symfony/polyfill-php85 (v1.41.0)
  - Locking symfony/polyfill-php86 (v1.41.0)
  - Locking symfony/polyfill-uuid (v1.37.0)
  - Locking symfony/process (v7.4.19)
  - Locking symfony/routing (v7.4.18)
  - Locking symfony/service-contracts (v3.7.3)
  - Locking symfony/string (v7.4.19)
  - Locking symfony/translation (v7.4.17)
  - Locking symfony/translation-contracts (v3.7.1)
  - Locking symfony/uid (v7.4.17)
  - Locking symfony/var-dumper (v7.4.18)
  - Locking theseer/tokenizer (2.0.1)
  - Locking tijsverkoyen/css-to-inline-styles (v2.4.0)
  - Locking vlucas/phpdotenv (v5.7.0)
  - Locking voku/portable-ascii (2.1.1)
Writing lock file
Installing dependencies from lock file (including require-dev)
Package operations: 110 installs, 0 updates, 0 removals
  - Downloading doctrine/lexer (3.0.2)
  - Downloading symfony/http-foundation (v7.4.19)
  - Downloading symfony/polyfill-php82 (v1.38.1)
  - Downloading guzzlehttp/psr7 (3.1.0)
  - Downloading guzzlehttp/promises (3.0.2)
  - Downloading guzzlehttp/guzzle (8.2.0)
  - Downloading guzzlehttp/uri-template (v2.0.1)
  - Downloading symfony/polyfill-intl-normalizer (v1.42.0)
  - Downloading symfony/string (v7.4.19)
  - Downloading symfony/service-contracts (v3.7.3)
  - Downloading symfony/console (v7.4.19)
  - Downloading phpoption/phpoption (1.10.0)
  - Downloading graham-campbell/result-type (v1.2.0)
  - Downloading vlucas/phpdotenv (v5.7.0)
  - Downloading symfony/css-selector (v7.4.18)
  - Downloading symfony/var-dumper (v7.4.18)
  - Downloading symfony/uid (v7.4.17)
  - Downloading symfony/routing (v7.4.18)
  - Downloading symfony/process (v7.4.19)
  - Downloading symfony/polyfill-php86 (v1.41.0)
  - Downloading symfony/polyfill-intl-idn (v1.42.0)
  - Downloading symfony/mime (v7.4.19)
  - Downloading symfony/event-dispatcher (v7.4.17)
  - Downloading symfony/mailer (v7.4.19)
  - Downloading symfony/error-handler (v7.4.17)
  - Downloading symfony/http-kernel (v7.4.19)
  - Downloading symfony/finder (v7.4.19)
  - Downloading brick/math (1.0.0)
  - Downloading ramsey/uuid (4.9.4)
  - Downloading symfony/translation (v7.4.17)
  - Downloading carbonphp/carbon-doctrine-types (3.2.1)
  - Downloading nesbot/carbon (3.14.0)
  - Downloading monolog/monolog (3.12.0)
  - Downloading league/flysystem-local (3.35.3)
  - Downloading league/flysystem (3.36.0)
  - Downloading nette/schema (v1.3.6)
  - Downloading league/commonmark (2.10.3)
  - Downloading laravel/serializable-closure (v2.1.0)
  - Downloading laravel/prompts (v0.3.24)
  - Downloading laravel/framework (v13.33.0)
  - Downloading laravel/agent-detector (v2.0.2)
  - Downloading laravel/pao (v1.1.5)
  - Downloading laravel/pint (v1.32.1)
  - Downloading nikic/php-parser (v5.9.0)
  - Downloading laravel/tinker (v3.0.2)
  - Downloading hamcrest/hamcrest-php (v3.0.0)
  - Downloading mockery/mockery (1.6.15)
  - Downloading filp/whoops (2.18.5)
  - Downloading sebastian/diff (7.0.1)
  - Downloading phpunit/php-file-iterator (6.0.2)
  - Downloading phpunit/phpunit (12.5.35)
  0/51 [>---------------------------]   0%
  4/51 [==>-------------------------]   7%
  6/51 [===>------------------------]  11%
  9/51 [====>-----------------------]  17%
 12/51 [======>---------------------]  23%
 16/51 [========>-------------------]  31%
 19/51 [==========>-----------------]  37%
 20/51 [==========>-----------------]  39%
 21/51 [===========>----------------]  41%
 23/51 [============>---------------]  45%
 26/51 [==============>-------------]  50%
 28/51 [===============>------------]  54%
 29/51 [===============>------------]  56%
 30/51 [================>-----------]  58%
 31/51 [=================>----------]  60%
 32/51 [=================>----------]  62%
 34/51 [==================>---------]  66%
 36/51 [===================>--------]  70%
 37/51 [====================>-------]  72%
 39/51 [=====================>------]  76%
 40/51 [=====================>------]  78%
 41/51 [======================>-----]  80%
 42/51 [=======================>----]  82%
 44/51 [========================>---]  86%
 45/51 [========================>---]  88%
 46/51 [=========================>--]  90%
 47/51 [=========================>--]  92%
 48/51 [==========================>-]  94%
 49/51 [==========================>-]  96%
 50/51 [===========================>]  98%
 51/51 [============================] 100%
  - Installing doctrine/inflector (2.1.0): Extracting archive
  - Installing doctrine/lexer (3.0.2): Extracting archive
  - Installing dragonmantank/cron-expression (v3.6.0): Extracting archive
  - Installing symfony/deprecation-contracts (v3.7.1): Extracting archive
  - Installing psr/container (2.0.2): Extracting archive
  - Installing fakerphp/faker (v1.24.1): Extracting archive
  - Installing symfony/polyfill-mbstring (v1.38.2): Extracting archive
  - Installing symfony/http-foundation (v7.4.19): Extracting archive
  - Installing fruitcake/php-cors (v1.4.0): Extracting archive
  - Installing symfony/polyfill-php82 (v1.38.1): Extracting archive
  - Installing symfony/polyfill-php80 (v1.37.0): Extracting archive
  - Installing psr/http-message (2.0): Extracting archive
  - Installing psr/http-factory (1.1.0): Extracting archive
  - Installing psr/http-client (1.0.3): Extracting archive
  - Installing guzzlehttp/psr7 (3.1.0): Extracting archive
  - Installing guzzlehttp/promises (3.0.2): Extracting archive
  - Installing guzzlehttp/guzzle (8.2.0): Extracting archive
  - Installing guzzlehttp/uri-template (v2.0.1): Extracting archive
  - Installing symfony/polyfill-intl-normalizer (v1.42.0): Extracting archive
  - Installing symfony/polyfill-intl-grapheme (v1.41.0): Extracting archive
  - Installing symfony/polyfill-ctype (v1.37.0): Extracting archive
  - Installing symfony/string (v7.4.19): Extracting archive
  - Installing symfony/service-contracts (v3.7.3): Extracting archive
  - Installing symfony/console (v7.4.19): Extracting archive
  - Installing nunomaduro/termwind (v2.4.0): Extracting archive
  - Installing voku/portable-ascii (2.1.1): Extracting archive
  - Installing phpoption/phpoption (1.10.0): Extracting archive
  - Installing graham-campbell/result-type (v1.2.0): Extracting archive
  - Installing vlucas/phpdotenv (v5.7.0): Extracting archive
  - Installing symfony/css-selector (v7.4.18): Extracting archive
  - Installing tijsverkoyen/css-to-inline-styles (v2.4.0): Extracting archive
  - Installing symfony/var-dumper (v7.4.18): Extracting archive
  - Installing symfony/polyfill-uuid (v1.37.0): Extracting archive
  - Installing symfony/uid (v7.4.17): Extracting archive
  - Installing symfony/routing (v7.4.18): Extracting archive
  - Installing symfony/process (v7.4.19): Extracting archive
  - Installing symfony/polyfill-php86 (v1.41.0): Extracting archive
  - Installing symfony/polyfill-php85 (v1.41.0): Extracting archive
  - Installing symfony/polyfill-php84 (v1.38.1): Extracting archive
  - Installing symfony/polyfill-intl-idn (v1.42.0): Extracting archive
  - Installing symfony/mime (v7.4.19): Extracting archive
  - Installing psr/event-dispatcher (1.0.0): Extracting archive
  - Installing symfony/event-dispatcher-contracts (v3.7.1): Extracting archive
  - Installing symfony/event-dispatcher (v7.4.17): Extracting archive
  - Installing psr/log (3.0.2): Extracting archive
  - Installing egulias/email-validator (4.0.4): Extracting archive
  - Installing symfony/mailer (v7.4.19): Extracting archive
  - Installing symfony/error-handler (v7.4.17): Extracting archive
  - Installing symfony/http-kernel (v7.4.19): Extracting archive
  - Installing symfony/finder (v7.4.19): Extracting archive
  - Installing ramsey/collection (2.1.1): Extracting archive
  - Installing brick/math (1.0.0): Extracting archive
  - Installing ramsey/uuid (4.9.4): Extracting archive
  - Installing psr/simple-cache (3.0.0): Extracting archive
  - Installing symfony/translation-contracts (v3.7.1): Extracting archive
  - Installing symfony/translation (v7.4.17): Extracting archive
  - Installing symfony/polyfill-php83 (v1.41.0): Extracting archive
  - Installing psr/clock (1.0.0): Extracting archive
  - Installing symfony/clock (v7.4.8): Extracting archive
  - Installing carbonphp/carbon-doctrine-types (3.2.1): Extracting archive
  - Installing nesbot/carbon (3.14.0): Extracting archive
  - Installing monolog/monolog (3.12.0): Extracting archive
  - Installing league/uri-interfaces (7.8.1): Extracting archive
  - Installing league/uri (7.8.1): Extracting archive
  - Installing league/mime-type-detection (1.17.0): Extracting archive
  - Installing league/flysystem-local (3.35.3): Extracting archive
  - Installing league/flysystem (3.36.0): Extracting archive
  - Installing nette/utils (v4.1.5): Extracting archive
  - Installing nette/schema (v1.3.6): Extracting archive
  - Installing dflydev/dot-access-data (v3.0.3): Extracting archive
  - Installing league/config (v1.2.0): Extracting archive
  - Installing league/commonmark (2.10.3): Extracting archive
  - Installing laravel/serializable-closure (v2.1.0): Extracting archive
  - Installing laravel/prompts (v0.3.24): Extracting archive
  - Installing laravel/framework (v13.33.0): Extracting archive
  - Installing laravel/pail (v1.2.7): Extracting archive
  - Installing laravel/agent-detector (v2.0.2): Extracting archive
  - Installing laravel/pao (v1.1.5): Extracting archive
  - Installing laravel/pint (v1.32.1): Extracting archive
  - Installing nikic/php-parser (v5.9.0): Extracting archive
  - Installing psy/psysh (v0.12.24): Extracting archive
  - Installing laravel/tinker (v3.0.2): Extracting archive
  - Installing hamcrest/hamcrest-php (v3.0.0): Extracting archive
  - Installing mockery/mockery (1.6.15): Extracting archive
  - Installing filp/whoops (2.18.5): Extracting archive
  - Installing nunomaduro/collision (v8.9.5): Extracting archive
  - Installing staabm/side-effects-detector (1.0.5): Extracting archive
  - Installing sebastian/version (6.0.0): Extracting archive
  - Installing sebastian/type (6.0.4): Extracting archive
  - Installing sebastian/recursion-context (7.0.1): Extracting archive
  - Installing sebastian/object-reflector (5.0.0): Extracting archive
  - Installing sebastian/object-enumerator (7.0.0): Extracting archive
  - Installing sebastian/global-state (8.0.3): Extracting archive
  - Installing sebastian/exporter (7.0.3): Extracting archive
  - Installing sebastian/environment (8.1.2): Extracting archive
  - Installing sebastian/diff (7.0.1): Extracting archive
  - Installing sebastian/comparator (7.1.8): Extracting archive
  - Installing sebastian/cli-parser (4.2.1): Extracting archive
  - Installing phpunit/php-timer (8.0.0): Extracting archive
  - Installing phpunit/php-text-template (5.0.0): Extracting archive
  - Installing phpunit/php-invoker (6.0.0): Extracting archive
  - Installing phpunit/php-file-iterator (6.0.2): Extracting archive
  - Installing theseer/tokenizer (2.0.1): Extracting archive
  - Installing sebastian/lines-of-code (4.0.1): Extracting archive
  - Installing sebastian/complexity (5.0.0): Extracting archive
  - Installing phpunit/php-code-coverage (12.5.7): Extracting archive
  - Installing phar-io/version (3.2.1): Extracting archive
  - Installing phar-io/manifest (2.0.4): Extracting archive
  - Installing myclabs/deep-copy (1.14.0): Extracting archive
  - Installing phpunit/phpunit (12.5.35): Extracting archive
   0/100 [>---------------------------]   0%
  10/100 [==>-------------------------]  10%
  20/100 [=====>----------------------]  20%
  30/100 [========>-------------------]  30%
  40/100 [===========>----------------]  40%
  50/100 [==============>-------------]  50%
  60/100 [================>-----------]  60%
  70/100 [===================>--------]  70%
  80/100 [======================>-----]  80%
  90/100 [=========================>--]  90%
 100/100 [============================] 100%
64 package suggestions were added by new dependencies, use `composer suggest` to see details.
Generating optimized autoload files
> Illuminate\Foundation\ComposerScripts::postAutoloadDump
> @php artisan package:discover --ansi

 INFO Discovering packages. 

 laravel/pail .. DONE
 laravel/pao .. DONE
 laravel/tinker .. DONE
 nesbot/carbon .. DONE
 nunomaduro/collision .. DONE
 nunomaduro/termwind .. DONE

80 packages you are using are looking for funding.
Use the `composer fund` command to find out more!
> @php artisan vendor:publish --tag=laravel-assets --ansi --force

 INFO No publishable resources for tag [laravel-assets]. 

No security vulnerability advisories found.
> @php artisan key:generate --ansi

 INFO Application key set successfully. 

> @php -r "file_exists('database/database.sqlite') || touch('database/database.sqlite');"
> @php artisan migrate --graceful --ansi

 INFO Preparing database. 

 Creating migration table .. 6.10ms DONE

 INFO Running migrations. 

 0001_01_01_000000_create_users_table .. 10.28ms DONE
 0001_01_01_000001_create_cache_table .. 6.11ms DONE
 0001_01_01_000002_create_jobs_table .. 33.64ms DONE

