[13:18:39] === install-postgres start ===
[13:18:52] Downloading PostgreSQL 18.6-1 binaries…
[13:27:50] PostgreSQL installed at C:\dev\pgsql
[13:27:50] Downloading postgis-bundle-pg18-3.6.2x64.zip…
[13:31:48] PostGIS bundle merged into the server tree
[13:31:48] Initialising cluster…
The files belonging to this database system will be owned by user "DalbeirSingh".
This user must also own the server process.

The database cluster will be initialized with locale "C".
The default text search configuration will be set to "english".

Data page checksums are enabled.

creating directory C:/dev/pgdata ... ok
creating subdirectories ... ok
selecting dynamic shared memory implementation ... windows
selecting default "max_connections" ... 100
selecting default "shared_buffers" ... 128MB
selecting default time zone ... Asia/Calcutta
creating configuration files ... ok
running bootstrap script ... ok
performing post-bootstrap initialization ... ok
syncing data to disk ... ok

Success. You can now start the database server using:

    ^"C^:^\dev^\pgsql^\bin^\pg^_ctl^" -D ^"C^:^\dev^\pgdata^" -l logfile start

[13:31:52] Cluster created at C:\dev\pgdata (superuser password saved to C:\dev\pg-local-credentials.txt)
waiting for server to start.... done
server started
