   Woah! You appear to be trying to run flutter as root.
   We strongly recommend running the flutter tool without superuser privileges.
  /
📎
Resolving dependencies...
Downloading packages...
  cli_util 0.4.2 (0.6.0 available)
  code_assets 1.2.1 (2.1.0 available)
  hooks 2.0.2 (2.2.0 available)
  material_color_utilities 0.13.0 (0.13.1 available)
  meta 1.18.3 (1.19.0 available)
  objective_c 9.5.0 (9.6.0 available)
  record_use 0.6.0 (1.1.1 available)
  test_api 0.7.12 (0.7.14 available)
  vector_math 2.4.0 (2.4.3 available)
Got dependencies!
9 packages have newer versions incompatible with dependency constraints.
Try `flutter pub outdated` for more information.
Running Gradle task 'assembleLocalDebug'...                     
Warning: SDK processing. This version only understands SDK XML versions up to 3 but an SDK XML file of version 4 was encountered. This can happen if you use versions of Android Studio and the command-line tools that were released at different times.
Checking the license for package Android SDK Platform 35 in /root/fotg-tools/android-sdk/licenses
License for package Android SDK Platform 35 accepted.
Preparing "Install Android SDK Platform 35 (revision 2)".
"Install Android SDK Platform 35 (revision 2)" ready.
Installing Android SDK Platform 35 in /root/fotg-tools/android-sdk/platforms/android-35
"Install Android SDK Platform 35 (revision 2)" complete.
"Install Android SDK Platform 35 (revision 2)" finished.
   Woah! You appear to be trying to run flutter as root.
   We strongly recommend running the flutter tool without superuser privileges.
  /
📎
[=========                              ] 25%                                   
Checking the license for package CMake 3.22.1 in /root/fotg-tools/android-sdk/licenses
License for package CMake 3.22.1 accepted.
Preparing "Install CMake 3.22.1 v.3.22.1".
"Install CMake 3.22.1 v.3.22.1" ready.
Installing CMake 3.22.1 in /root/fotg-tools/android-sdk/cmake/3.22.1
"Install CMake 3.22.1 v.3.22.1" complete.
"Install CMake 3.22.1 v.3.22.1" finished.
Running Gradle task 'assembleLocalDebug'...                        81.2s
✓ Built build/app/outputs/flutter-apk/app-local-debug.apk
